../Drivers/CMSIS/Include/core_cm3.h:1762:34:__NVIC_SystemReset	4	static,ignoring_inline_asm
../Core/Src/main.c:74:6:timerHandler	16	static
../Core/Src/main.c:87:6:timerInterruptHandler	24	static
../Core/Src/main.c:99:6:timComInterruptCallback	40	static
../Core/Src/main.c:105:6:timStatusLedInterruptCallback	16	static
../Core/Src/main.c:111:6:timRunInterruptCallback	16	static
../Core/Src/main.c:130:6:HAL_UART_RxCpltCallback	1048	static
../Core/Src/main.c:170:6:HAL_TIM_PeriodElapsedCallback	16	static
../Core/Src/main.c:180:6:HAL_GPIO_EXTI_Callback	40	static
../Core/Src/main.c:208:10:Read_Flash	24	static
../Core/Src/main.c:214:6:Erase_Flash	16	static
../Core/Src/main.c:226:6:Write_Flash	16	static
../Core/Src/main.c:242:5:main	8	static
../Core/Src/main.c:298:6:SystemClock_Config	72	static
../Core/Src/main.c:338:13:MX_TIM1_Init	32	static
../Core/Src/main.c:384:13:MX_USART1_UART_Init	8	static
../Core/Src/main.c:417:13:MX_GPIO_Init	32	static
../Core/Src/main.c:455:6:Error_Handler	4	static,ignoring_inline_asm
